.archive/cli/run_classifier.py
.archive/cli/run_generate_spam_testcases.py
.archive/cli/run_llm_filter.py
.archive/cli/run_main.py
.archive/cli/run_orchestrator.py
.archive/cli/run_rule_filter.py
.archive/cli/run_spam_classifier.py
.archive/cli/run_spam_filter.py
.archive/pipeline/main.py
.archive/pipeline/main1.py
.archive/requirements/requirements-dev.txt
.archive/requirements/requirements.txt
.archive/spam/spam_filter_orchestrator.py
.archive/spam/__init__.py
.archive/src/cli/sma.py
.archive/src/cli/__init__.py
.env.example
.github/dependabot.yml
.github/ISSUE_TEMPLATE/bug_report.md
.github/PULL_REQUEST_TEMPLATE.md
.github/workflows-archive/ci-offline.yml
.github/workflows-archive/ci.yaml
.github/workflows-archive/docker-ghcr.yml
.github/workflows-archive/interview-addon.yml
.github/workflows-archive/interview.yml
.github/workflows-archive/nightly.yml
.github/workflows-archive/offline-ci.yml
.github/workflows-archive/release.yml
.github/workflows-archive/security.yml
.github/workflows/ci.yml
.gitignore
.portfolio_hidden/.archive/legacy/src/policy_engine.py
.portfolio_hidden/.archive/legacy/src/sma_types.py
.portfolio_hidden/.dev/apply_classifier_fallback_fix_v1.py
.portfolio_hidden/.dev/apply_docker_ci_v1.py
.portfolio_hidden/.dev/apply_fix_log_writer_v1.py
.portfolio_hidden/.dev/apply_fix_round9.py
.portfolio_hidden/.dev/apply_imap_debug_v2.py
.portfolio_hidden/.dev/apply_mailer_online_tests_v1.py
.portfolio_hidden/.dev/bootstrap_gh_ci.sh
.portfolio_hidden/.dev/check_env.py
.portfolio_hidden/.dev/cleanup_repo.py
.portfolio_hidden/.dev/db_migrate_emails_log.py
.portfolio_hidden/.dev/dedupe_requirements.py
.portfolio_hidden/.dev/dedup_cleanup.sh
.portfolio_hidden/.dev/dev_runner.py
.portfolio_hidden/.dev/finalize_and_push.sh
.portfolio_hidden/.dev/fix_from_pretrained_order.py
.portfolio_hidden/.dev/fix_from_pretrained_order_v2.py
.portfolio_hidden/.dev/fix_from_pretrained_order_v3.py
.portfolio_hidden/.dev/generate_offline_report.py
.portfolio_hidden/.dev/generate_spam_report.py
.portfolio_hidden/.dev/gh_device_login.sh
.portfolio_hidden/.dev/git_setup_and_tag.py
.portfolio_hidden/.dev/imap_pass_sanitize.py
.portfolio_hidden/.dev/make_share_bundle.sh
.portfolio_hidden/.dev/metrics_daily.py
.portfolio_hidden/.dev/offline_verify.py
.portfolio_hidden/.dev/one_paste_ship.py
.portfolio_hidden/.dev/one_shot_patch_and_run.sh
.portfolio_hidden/.dev/project_catalog.py
.portfolio_hidden/.dev/push_secrets_from_env.sh
.portfolio_hidden/.dev/repo_tidy.py
.portfolio_hidden/.dev/run_actions_matrix.py
.portfolio_hidden/.dev/run_spam_demo.py
.portfolio_hidden/.dev/set_imap_pass.py
.portfolio_hidden/.dev/set_smtp_pass.py
.portfolio_hidden/.dev/show_summary.sh
.portfolio_hidden/.dev/verify_pdf_degrade.py
.portfolio_hidden/.dev/__init__.py
.portfolio_hidden/.env.example
.portfolio_hidden/.github/workflows/ci.yml
.portfolio_hidden/.github/workflows/coverage.yml
.portfolio_hidden/.github/workflows/docs.yml
.portfolio_hidden/.github/workflows/release.yml
.portfolio_hidden/.gitignore
.portfolio_hidden/.pre-commit-config.yaml
.portfolio_hidden/assets/fonts/README.txt
.portfolio_hidden/bootstrap_project.py
.portfolio_hidden/CHANGELOG.md
.portfolio_hidden/CODE_OF_CONDUCT.md
.portfolio_hidden/CONTRIBUTING.md
.portfolio_hidden/Dockerfile
.portfolio_hidden/docs/architecture.md
.portfolio_hidden/docs/cli.md
.portfolio_hidden/docs/index.md
.portfolio_hidden/docs/usage.md
.portfolio_hidden/Makefile
.portfolio_hidden/mkdocs.yml
.portfolio_hidden/pytest.ini
.portfolio_hidden/SECURITY.md
.pre-commit-config.yaml
.ruff.toml
audit_bundle_20250816-125935/.github/workflows/tests.yml
audit_bundle_20250816-125935/config/.gitignore
audit_bundle_20250816-125935/config/.pre-commit-config.yaml
audit_bundle_20250816-125935/config/pyproject.toml
audit_bundle_20250816-125935/config/README.md
audit_bundle_20250816-125935/reports/tests-collect-20250816-125637.txt
audit_bundle_20250816-125935/reports/tree-20250816-125637.txt
audit_bundle_20250816-130133/.github/workflows/tests.yml
audit_bundle_20250816-130133/config/.gitignore
audit_bundle_20250816-130133/config/.pre-commit-config.yaml
audit_bundle_20250816-130133/config/pyproject.toml
audit_bundle_20250816-130133/config/README.md
audit_bundle_20250816-130133/LOW_COVERAGE_FILES.txt
audit_bundle_20250816-130133/README_AUDIT_BUNDLE.txt
audit_bundle_20250816-130133/reports/tests-collect-20250816-125637.txt
audit_bundle_20250816-130133/reports/tree-20250816-125637.txt
audit_bundle_20250816-130133/src_lowcov/src_lowcov/src/actions/__init__.py
audit_bundle_20250816-130133/src_lowcov/src_lowcov/src/email_processor.py
audit_bundle_20250816-130133/src_lowcov/src_lowcov/src/inference_classifier.py
audit_bundle_20250816-130133/src_lowcov/src_lowcov/src/log_writer.py
audit_bundle_20250816-130133/src_lowcov/src_lowcov/src/modules/leads_logger.py
audit_bundle_20250816-130133/src_lowcov/src_lowcov/src/patches/handle_router_patch.py
audit_bundle_20250816-130133/src_lowcov/src_lowcov/src/patches/handle_safe_patch.py
audit_bundle_20250816-130133/src_lowcov/src_lowcov/src/run_action_handler.py
audit_bundle_20250816-130133/src_lowcov/src_lowcov/src/send_with_attachment.py
audit_bundle_20250816-130133/src_lowcov/src_lowcov/src/smart_mail_agent/actions/complaint.py
audit_bundle_20250816-130133/src_lowcov/src_lowcov/src/smart_mail_agent/actions/sales_inquiry.py
audit_bundle_20250816-130133/src_lowcov/src_lowcov/src/smart_mail_agent/cli_spamcheck.py
audit_bundle_20250816-130133/src_lowcov/src_lowcov/src/smart_mail_agent/spam/feature_extractor.py
audit_bundle_20250816-130133/src_lowcov/src_lowcov/src/smart_mail_agent/spam/ml_spam_classifier.py
audit_bundle_20250816-130133/src_lowcov/src_lowcov/src/smart_mail_agent/spam/pipeline.py
audit_bundle_20250816-130133/src_lowcov/src_lowcov/src/smart_mail_agent/spam/rules.py
audit_bundle_20250816-130133/src_lowcov/src_lowcov/src/smart_mail_agent/spam/rule_filter.py
audit_bundle_20250816-130133/src_lowcov/src_lowcov/src/smart_mail_agent/spam/spam_llm_filter.py
audit_bundle_20250816-130133/src_lowcov/src_lowcov/src/smart_mail_agent/utils/config.py
audit_bundle_20250816-130133/src_lowcov/src_lowcov/src/smart_mail_agent/utils/db_tools.py
audit_bundle_20250816-130133/src_lowcov/src_lowcov/src/smart_mail_agent/utils/env.py
audit_bundle_20250816-130133/src_lowcov/src_lowcov/src/smart_mail_agent/utils/errors.py
audit_bundle_20250816-130133/src_lowcov/src_lowcov/src/smart_mail_agent/utils/fonts.py
audit_bundle_20250816-130133/src_lowcov/src_lowcov/src/smart_mail_agent/utils/font_check.py
audit_bundle_20250816-130133/src_lowcov/src_lowcov/src/smart_mail_agent/utils/imap_folder_detector.py
audit_bundle_20250816-130133/src_lowcov/src_lowcov/src/smart_mail_agent/utils/imap_login.py
audit_bundle_20250816-130133/src_lowcov/src_lowcov/src/smart_mail_agent/utils/jsonlog.py
audit_bundle_20250816-130133/src_lowcov/src_lowcov/src/smart_mail_agent/utils/logging_setup.py
audit_bundle_20250816-130133/src_lowcov/src_lowcov/src/smart_mail_agent/utils/log_writer.py
audit_bundle_20250816-130133/src_lowcov/src_lowcov/src/smart_mail_agent/utils/pdf_generator.py
audit_bundle_20250816-130133/src_lowcov/src_lowcov/src/smart_mail_agent/utils/pdf_safe.py
audit_bundle_20250816-130133/src_lowcov/src_lowcov/src/smart_mail_agent/utils/priority_evaluator.py
audit_bundle_20250816-130133/src_lowcov/src_lowcov/src/smart_mail_agent/utils/rag_reply.py
audit_bundle_20250816-130133/src_lowcov/src_lowcov/src/smart_mail_agent/utils/templater.py
audit_bundle_20250816-130133/src_lowcov/src_lowcov/src/smart_mail_agent/utils/tracing.py
audit_bundle_20250816-130133/src_lowcov/src_lowcov/src/smart_mail_agent/utils/validators.py
audit_bundle_20250816-130133/src_lowcov/src_lowcov/src/smart_mail_agent/__main__.py
audit_bundle_20250816-130133/src_lowcov/src_lowcov/src/spam/feature_extractor.py
audit_bundle_20250816-130133/src_lowcov/src_lowcov/src/spam/ml_spam_classifier.py
audit_bundle_20250816-130133/src_lowcov/src_lowcov/src/spam/rules.py
audit_bundle_20250816-130133/src_lowcov/src_lowcov/src/spam/rule_filter.py
audit_bundle_20250816-130133/src_lowcov/src_lowcov/src/support_ticket.py
audit_bundle_20250816-130133/src_lowcov/src_lowcov/src/train_classifier.py
audit_bundle_20250816-130133/src_lowcov/src_lowcov/src/utils/jsonlog.py
configs/default.yml
configs/samples/policy.yaml
configs/samples/spam_rules.yaml
data/output/matrix/matrix_summary.json
data/tmp/pdf_generation_error_20250816T185042Z.txt
data/tmp/pdf_generation_error_20250816T185046Z.txt
LOW_COVERAGE_FILES.txt
Makefile
pyproject.toml
pytest.ini
README.md
repo-inventory-20250816-084630.txt
reports/audit-last-collect.txt
reports/audit-last-coverage.txt
reports/audit-last.txt
reports/audit-summary.md
reports/tests-collect-20250816-125637.txt
reports/tree-20250816-124354.txt
reports/tree-20250816-124547.txt
reports/tree-20250816-125335.txt
reports/tree-20250816-125637.txt
scripts/online_check.py
scripts/run_pipeline.sh
scripts/setup_env.sh
share/final_audit_20250817T060507.txt
share/final_audit_20250817T060700.txt
share/final_verdict_20250817T061129.txt
share/healthcheck_20250817T053914.txt
share/repo_source_bundle_20250817T052737.txt
share/repo_source_bundle_20250817T055759.txt
src/action_handler.py
src/classifier.py
src/email_processor.py
src/inference_classifier.py
src/init_db.py
src/log_writer.py
src/modules/apply_diff.py
src/modules/leads_logger.py
src/modules/quotation.py
src/modules/quote_logger.py
src/modules/sales_notifier.py
src/modules/__init__.py
src/patches/handle_router_patch.py
src/patches/handle_safe_patch.py
src/policy_engine.py
src/requirements.txt
src/run_action_handler.py
src/send_with_attachment.py
src/smart_mail_agent/actions/complaint.py
src/smart_mail_agent/actions/sales_inquiry.py
src/smart_mail_agent/actions/__init__.py
src/smart_mail_agent/cli/sma.py
src/smart_mail_agent/cli/sma_run.py
src/smart_mail_agent/cli/sma_spamcheck.py
src/smart_mail_agent/cli_spamcheck.py
src/smart_mail_agent/core/classifier.py
src/smart_mail_agent/core/policy_engine.py
src/smart_mail_agent/core/sma_types.py
src/smart_mail_agent/core/utils/jsonlog.py
src/smart_mail_agent/core/utils/logger.py
src/smart_mail_agent/core/utils/mailer.py
src/smart_mail_agent/core/utils/__init__.py
src/smart_mail_agent/features/apply_diff.py
src/smart_mail_agent/features/leads_logger.py
src/smart_mail_agent/features/modules_legacy/__init__.py
src/smart_mail_agent/features/quote_logger.py
src/smart_mail_agent/features/sales/quotation.py
src/smart_mail_agent/features/sales_notifier.py
src/smart_mail_agent/features/spam/feature_extractor.py
src/smart_mail_agent/features/spam/inference_classifier.py
src/smart_mail_agent/features/spam/ml_spam_classifier.py
src/smart_mail_agent/features/spam/pipeline.py
src/smart_mail_agent/features/spam/rules.py
src/smart_mail_agent/features/spam/rule_filter.py
src/smart_mail_agent/features/spam/spam_filter_orchestrator.py
src/smart_mail_agent/features/spam/__init__.py
src/smart_mail_agent/features/support/support_ticket.py
src/smart_mail_agent/features/__init__.py
src/smart_mail_agent/ingestion/email_processor.py
src/smart_mail_agent/ingestion/init_db.py
src/smart_mail_agent/ingestion/integrations/send_with_attachment.py
src/smart_mail_agent/observability/log_writer.py
src/smart_mail_agent/observability/sitecustomize.py
src/smart_mail_agent/observability/stats_collector.py
src/smart_mail_agent/observability/tracing.py
src/smart_mail_agent/patches/handle_router_patch.py
src/smart_mail_agent/patches/handle_safe_patch.py
src/smart_mail_agent/patches/__init__.py
src/smart_mail_agent/policy_engine.py
src/smart_mail_agent/routing/action_handler.py
src/smart_mail_agent/routing/run_action_handler.py
src/smart_mail_agent/routing/__init__.py
src/smart_mail_agent/sma_types.py
src/smart_mail_agent/spam/feature_extractor.py
src/smart_mail_agent/spam/ml_spam_classifier.py
src/smart_mail_agent/spam/orchestrator_offline.py
src/smart_mail_agent/spam/pipeline.py
src/smart_mail_agent/spam/rules.py
src/smart_mail_agent/spam/rule_filter.py
src/smart_mail_agent/spam/spam_filter_orchestrator.py
src/smart_mail_agent/spam/spam_llm_filter.py
src/smart_mail_agent/spam/__init__.py
src/smart_mail_agent/trainers/train_bert_spam_classifier.py
src/smart_mail_agent/trainers/train_classifier.py
src/smart_mail_agent/utils/config.py
src/smart_mail_agent/utils/db_tools.py
src/smart_mail_agent/utils/env.py
src/smart_mail_agent/utils/errors.py
src/smart_mail_agent/utils/fonts.py
src/smart_mail_agent/utils/font_check.py
src/smart_mail_agent/utils/imap_folder_detector.py
src/smart_mail_agent/utils/imap_login.py
src/smart_mail_agent/utils/jsonlog.py
src/smart_mail_agent/utils/logger.py
src/smart_mail_agent/utils/logging_setup.py
src/smart_mail_agent/utils/log_writer.py
src/smart_mail_agent/utils/mailer.py
src/smart_mail_agent/utils/pdf_generator.py
src/smart_mail_agent/utils/pdf_safe.py
src/smart_mail_agent/utils/priority_evaluator.py
src/smart_mail_agent/utils/rag_reply.py
src/smart_mail_agent/utils/templater.py
src/smart_mail_agent/utils/tracing.py
src/smart_mail_agent/utils/validators.py
src/smart_mail_agent/utils/__init__.py
src/smart_mail_agent/__init__.py
src/smart_mail_agent/__main__.py
src/smart_mail_agent/__version__.py
src/sma_types.py
src/spam/feature_extractor.py
src/spam/ml_spam_classifier.py
src/spam/pipeline.py
src/spam/rules.py
src/spam/rule_filter.py
src/spam/spam_filter_orchestrator.py
src/spam/__init__.py
src/stats_collector.py
src/support_ticket.py
src/torch/distributed/tensor/__init__.py
src/torch/distributed/__init__.py
src/torch/__init__.py
src/transformers/__init__.py
src/utils/jsonlog.py
src/utils/logger.py
src/utils/log_writer.py
src/utils/mailer.py
src/utils/pdf_safe.py
src/utils/__init__.py
src/__init__.py
src_lowcov/src/actions/__init__.py
src_lowcov/src/email_processor.py
src_lowcov/src/inference_classifier.py
src_lowcov/src/log_writer.py
src_lowcov/src/modules/leads_logger.py
src_lowcov/src/patches/handle_router_patch.py
src_lowcov/src/patches/handle_safe_patch.py
src_lowcov/src/run_action_handler.py
src_lowcov/src/send_with_attachment.py
src_lowcov/src/smart_mail_agent/actions/complaint.py
src_lowcov/src/smart_mail_agent/actions/sales_inquiry.py
src_lowcov/src/smart_mail_agent/cli_spamcheck.py
src_lowcov/src/smart_mail_agent/spam/feature_extractor.py
src_lowcov/src/smart_mail_agent/spam/ml_spam_classifier.py
src_lowcov/src/smart_mail_agent/spam/pipeline.py
src_lowcov/src/smart_mail_agent/spam/rules.py
src_lowcov/src/smart_mail_agent/spam/rule_filter.py
src_lowcov/src/smart_mail_agent/spam/spam_llm_filter.py
src_lowcov/src/smart_mail_agent/utils/config.py
src_lowcov/src/smart_mail_agent/utils/db_tools.py
src_lowcov/src/smart_mail_agent/utils/env.py
src_lowcov/src/smart_mail_agent/utils/errors.py
src_lowcov/src/smart_mail_agent/utils/fonts.py
src_lowcov/src/smart_mail_agent/utils/font_check.py
src_lowcov/src/smart_mail_agent/utils/imap_folder_detector.py
src_lowcov/src/smart_mail_agent/utils/imap_login.py
src_lowcov/src/smart_mail_agent/utils/jsonlog.py
src_lowcov/src/smart_mail_agent/utils/logging_setup.py
src_lowcov/src/smart_mail_agent/utils/log_writer.py
src_lowcov/src/smart_mail_agent/utils/pdf_generator.py
src_lowcov/src/smart_mail_agent/utils/pdf_safe.py
src_lowcov/src/smart_mail_agent/utils/priority_evaluator.py
src_lowcov/src/smart_mail_agent/utils/rag_reply.py
src_lowcov/src/smart_mail_agent/utils/templater.py
src_lowcov/src/smart_mail_agent/utils/tracing.py
src_lowcov/src/smart_mail_agent/utils/validators.py
src_lowcov/src/smart_mail_agent/__main__.py
src_lowcov/src/spam/feature_extractor.py
src_lowcov/src/spam/ml_spam_classifier.py
src_lowcov/src/spam/rules.py
src_lowcov/src/spam/rule_filter.py
src_lowcov/src/support_ticket.py
src_lowcov/src/train_classifier.py
src_lowcov/src/utils/jsonlog.py
tests/conftest.py
tests/contracts/conftest.py
tests/contracts/test_action_result_contracts.py
tests/e2e/conftest.py
tests/e2e/test_actions_matrix_ext.py
tests/e2e/test_cli_flags.py
tests/e2e/test_cli_scripts.py
tests/e2e/test_complaint_policy.py
tests/e2e/test_label_routing_offline.py
tests/e2e/test_new_intents.py
tests/e2e/test_offline_suite.py
tests/e2e/test_policy_expansion.py
tests/e2e/test_runner.py
tests/e2e/test_sales_and_complaint.py
tests/e2e/test_sales_inquiry_needs_summary.py
tests/e2e/test_send_quote_degrade.py
tests/e2e/test_spam_pipeline.py
tests/integration/test_email_end_to_end_offline.py
tests/integration/test_online_send_paths.py
tests/internal_smoke/test_import_all_internal.py
tests/policy/test_attachment_risks_extra.py
tests/policy/test_attachment_risks_matrix.py
tests/portfolio/test_email_processor_utils.py
tests/portfolio/test_inference_classifier_fallback.py
tests/portfolio/test_log_writer.py
tests/portfolio/test_patches_router.py
tests/portfolio/test_pdf_safe.py
tests/portfolio/test_policy_engine_smoke.py
tests/portfolio/test_quotation_module.py
tests/portfolio/test_run_action_handler_cli_offline.py
tests/portfolio/test_send_with_attachment_shim.py
tests/portfolio/test_spam_cli_help.py
tests/portfolio/test_spam_orchestrator_smoke.py
tests/portfolio/test_spam_rules_scoring.py
tests/portfolio/test_support_ticket.py
tests/spam/test_offline_orchestrator_contracts.py
tests/spam/test_offline_orchestrator_e2e.py
tests/spam/test_offline_orchestrator_model_variants.py
tests/spam/test_offline_orchestrator_model_variants_extra.py
tests/spam/test_offline_orchestrator_paths.py
tests/spam/test_rules.py
tests/spam/test_rules_offline_behaviors.py
tests/spam/test_rule_model_tiebreak_offline.py
tests/test_action_handler.py
tests/test_apply_diff.py
tests/test_classifier.py
tests/test_init_db.py
tests/test_init_emails_log_db.py
tests/test_init_processed_mails_db.py
tests/test_init_tickets_db.py
tests/test_mailer.py
tests/test_mailer_online.py
tests/test_quotation.py
tests/test_quote_logger.py
tests/test_sales_notifier.py
tests/test_send_with_attachment.py
tests/test_spam_filter.py
tests/test_stats_collector.py
tests/unit/test_classifier_rules_extra.py
tests/unit/test_classifier_shapes_and_rules.py
tests/unit/test_cli_orchestrator_offline.py
tests/unit/test_contracts.py
tests/unit/test_email_processor_order_extra.py
tests/unit/test_handle_safe_patch_min.py
tests/unit/test_html_link_ratio_edges_new.py
tests/unit/test_html_link_ratio_more_edges.py
tests/unit/test_i18n_keywords_nfkc.py
tests/unit/test_i18n_nfkc_edges.py
tests/unit/test_inference_classifier_errors.py
tests/unit/test_pdf_safe_more_ascii.py
tests/unit/test_pdf_safe_security_more.py
tests/unit/test_policy_engine.py
tests/unit/test_policy_minimal.py
tests/unit/test_quotation_branches_extra.py
tests/unit/test_quotation_needs_manual_more.py
tests/unit/test_rules_conf_suffix_reasons.py
tests/unit/test_send_with_attachment_smoke.py
tests/unit/test_spam_pipeline_smoke.py
tests/unit/test_spam_rules_min.py
tests/unit/test_spam_stack.py
tests/unit/test_tasks_minimal.py
tests/unit/test_utils_pdf_safe_top.py
tmp/in.json
tmp/out.json
tmp/spam_snapshot_20250817_011451.txt
tools/run_actions_matrix.py
tox.ini
